// Jest Snapshot v1, https://goo.gl/fbAQLP

exports[`MainHeader.vue renders the component 1`] = `
<header class="main-header">
  <div class="main-header__content">
    <router-link to="[object Object]" class="main-header__title"></router-link> <button type="button" class="main-header__button"><svg viewBox="0 0 24 24" fill="none" stroke="currentColor" stroke-width="2" stroke-linecap="round" stroke-linejoin="round" class="main-header__icon">
        <circle cx="11" cy="11" r="8"></circle>
        <line x1="21" y1="21" x2="16.65" y2="16.65"></line>
      </svg></button>
  </div>
  <!---->
</header>
`;
