// Jest Snapshot v1, https://goo.gl/fbAQLP

exports[`MainHeader.vue renders the component 1`] = `
<header class="main-header">
  <div class="main-header__content">
    <router-link-stub to="[object Object]" class="main-header__title"></router-link-stub> <button type="button" class="main-header__button main-header__button--open">
      <search-icon-stub></search-icon-stub>
    </button>
  </div>
  <div class="main-header__search"><button type="button" class="main-header__close">
      ×
    </button>
    <form class="main-header__form"><input type="search" class="main-header__input"> <button type="submit" class="main-header__button main-header__button--submit">
        <search-icon-stub></search-icon-stub>
      </button></form>
  </div>
</header>
`;
