// Jest Snapshot v1, https://goo.gl/fbAQLP

exports[`Modal.vue renders the component 1`] = `
<div class="modal">
  <section class="modal__container">
    <h2 class="modal__title">Modal</h2>
    <div class="modal__content"></div>
    <div class="modal__footer"><button type="button" class="primary-button modal__button modal__button--close">close</button></div>
  </section>
</div>
`;
